C51 COMPILER V9.55   MAIN                                                                  10/23/2022 21:31:11 PAGE 1   


C51 COMPILER V9.55, COMPILATION OF MODULE MAIN
OBJECT MODULE PLACED IN .\Objects\main.obj
COMPILER INVOKED BY: C:\Keil_v5\C51\BIN\C51.EXE main.c OPTIMIZE(8,SPEED) BROWSE DEBUG OBJECTEXTEND PRINT(.\Listings\main
                    -.lst) TABS(2) OBJECT(.\Objects\main.obj)

line level    source

   1          #include <REGX51.H>
   2          #include "Delay.h"
   3          #include "LCD1602.h"
   4          #include "DS18B20.h"
   5          float T;
   6          void main()
   7          {
   8   1        DS18B20_ConvertT();//转换温度，防止上次数值影响
   9   1        Delay(1000);//延时1秒
  10   1        LCD_Init() ;//初始化LCD1602
  11   1        LCD_ShowString(1,1,"temperature");
  12   1        while (1)
  13   1        {
  14   2        DS18B20_ConvertT();//转换温度
  15   2        T=DS18B20_Readt();//读取温度
  16   2        if (T < 0)//如果温度小于0
  17   2        {
  18   3          LCD_ShowChar(2, 1, '-');//显示负号
  19   3          T = -T;//又在把温度变成正数
  20   3        }
  21   2        else
  22   2        {
  23   3          LCD_ShowChar(2, 1, '+');//显示正号
  24   3        }
  25   2        LCD_ShowNum(2,2,T,3);//显示整数部分
  26   2        LCD_ShowChar(2,5,'.');//显示小数点
  27   2        LCD_ShowNum(2,6,(unsigned long)(T*10000)%10000,4);//显示小数部分
  28   2        }
  29   1      
  30   1      }


MODULE INFORMATION:   STATIC OVERLAYABLE
   CODE SIZE        =    174    ----
   CONSTANT SIZE    =     12    ----
   XDATA SIZE       =   ----    ----
   PDATA SIZE       =   ----    ----
   DATA SIZE        =      4    ----
   IDATA SIZE       =   ----    ----
   BIT SIZE         =   ----    ----
END OF MODULE INFORMATION.


C51 COMPILATION COMPLETE.  0 WARNING(S),  0 ERROR(S)
